Microchip MPLAB XC8 Compiler V1.41 ()

Linker command line:

-W-3 --edf=/opt/microchip/xc8/v1.41/dat/en_msgs.txt -cs \
  -h+dist/default/production/PulseCounter.X.production.sym \
  --cmf=dist/default/production/PulseCounter.X.production.cmf -z -Q16F18344 \
  -o/tmp/xcXjKiIcu -Mdist/default/production/PulseCounter.X.production.map \
  -E1 -ver=XC8 -ASTACK=02046h-020efh -pstack=STACK -ACODE=00h-07FFhx2 \
  -ASTRCODE=00h-0FFFh -ASTRING=00h-0FFhx16 -ACONST=00h-0FFhx16 \
  -AENTRY=00h-0FFhx16 -ACOMMON=070h-07Fh -ABANK0=020h-06Fh \
  -ABANK1=0A0h-0EFh -ABANK2=0120h-016Fh -ABANK3=01A0h-01EFh \
  -ABANK4=0220h-026Fh -ABANK5=02A0h-02EFh -ABANK6=0320h-032Fh \
  -ABIGRAM=02000h-021EFh \
  -ARAM=020h-06Fh,0A0h-0EFh,0120h-016Fh,01A0h-01EFh,0220h-026Fh,02A0h-02EFh,0320h-032Fh \
  -AABS1=020h-07Fh,0A0h-0EFh,0120h-016Fh,01A0h-01EFh,0220h-026Fh,02A0h-02EFh,0320h-032Fh \
  -ASFR0=00h-01Fh -ASFR1=080h-09Fh -ASFR2=0100h-011Fh -ASFR3=0180h-019Fh \
  -ASFR4=0200h-021Fh -ASFR5=0280h-029Fh -ASFR6=0300h-031Fh \
  -ASFR7=0380h-03EFh -ASFR8=0400h-046Fh -ASFR9=0480h-04EFh \
  -ASFR10=0500h-056Fh -ASFR11=0580h-05EFh -ASFR12=0600h-066Fh \
  -ASFR13=0680h-06EFh -ASFR14=0700h-076Fh -ASFR15=0780h-07EFh \
  -ASFR16=0800h-086Fh -ASFR17=0880h-08EFh -ASFR18=0900h-096Fh \
  -ASFR19=0980h-09EFh -ASFR20=0A00h-0A6Fh -ASFR21=0A80h-0AEFh \
  -ASFR22=0B00h-0B6Fh -ASFR23=0B80h-0BEFh -ASFR24=0C00h-0C6Fh \
  -ASFR25=0C80h-0CEFh -ASFR26=0D00h-0D6Fh -ASFR27=0D80h-0DEFh \
  -ASFR28=0E00h-0E6Fh -ASFR29=0E80h-0EEFh -ASFR30=0F00h-0F6Fh \
  -ASFR31=0F80h-0FEFh -preset_vec=00h,intentry=04h,init,end_init \
  -ppowerup=CODE -pcinit=CODE -pfunctab=CODE -ACONFIG=08007h-0800Ah \
  -pconfig=CONFIG -DCONFIG=2 -AIDLOC=08000h-08003h -pidloc=IDLOC -DIDLOC=2 \
  -AEEDATA=00h-0FFh/0F000h -peeprom_data=EEDATA -DEEDATA=2 -DCODE=2 \
  -DSTRCODE=2 -DSTRING=2 -DCONST=2 -DENTRY=2 -k /tmp/xcXkdtnov.obj \
  dist/default/production/PulseCounter.X.production.obj 

Object code version is 3.11

Machine type is 16F18344



                Name                               Link     Load   Length Selector   Space Scale
/tmp/xcXkdtnov.obj
                end_init                             2E       2E        2        8       0
                reset_vec                             0        0        2        0       0
                config                             8007     8007        4    1000E       0
dist/default/production/PulseCounter.X.production.obj
                cinit                                30       30       29        8       0
                intentry                              4        4       2A        8       0
                text44                              3ED      3ED        3        8       0
                text43                              33B      33B        F        8       0
                text42                              3EA      3EA        3        8       0
                text41                              32C      32C        F        8       0
                text40                              1F2      1F2       31        8       0
                text39                              3AE      3AE        7        8       0
                text38                              3A7      3A7        7        8       0
                text37                              30B      30B       12        8       0
                text36                              3A0      3A0        7        8       0
                text35                              399      399        7        8       0
                text34                              2F9      2F9       12        8       0
                text33                               59       59       6B        8       0
                text32                              25D      25D       1C        8       0
                text31                              3E7      3E7        3        8       0
                text30                              37C      37C        B        8       0
                text29                              3CC      3CC        5        8       0
                text27                              1BD      1BD       35        8       0
                text26                              241      241       1C        8       0
                text25                               C4       C4       62        8       0
                text24                              3E4      3E4        3        8       0
                text23                              371      371        B        8       0
                text22                              34A      34A        E        8       0
                text21                              3C1      3C1        6        8       0
                text20                              3BB      3BB        6        8       0
                text19                              279      279       19        8       0
                text18                              390      390        9        8       0
                text17                              31D      31D        F        8       0
                text16                              358      358        D        8       0
                text15                              387      387        9        8       0
                text14                              17E      17E       3F        8       0
                text13                              3B5      3B5        6        8       0
                text12                              3E1      3E1        3        8       0
                text11                              2C0      2C0       15        8       0
                text10                              3DE      3DE        3        8       0
                text9                               2E7      2E7       12        8       0
                text8                               3DB      3DB        3        8       0
                text7                               2D5      2D5       12        8       0
                text6                               3D1      3D1        4        8       0
                text5                               223      223       1E        8       0
                text4                               3D8      3D8        3        8       0
                text3                               2A9      2A9       17        8       0
                text2                               3D5      3D5        3        8       0
                text1                               292      292       17        8       0
                maintext                            126      126       58        8       0
                cstackBANK0                          4C       4C        F       20       1
                cstackCOMMON                         70       70        C       70       1
                clrtext                             365      365        C        8       0
                dataBANK0                            61       61        5       20       1
                bssBANK0                             20       20       2C       20       1
                bssCOMMON                            7C       7C        2       70       1
                nvBANK0                              5B       5B        6       20       1
                idataBANK0                          3C7      3C7        5        8       0

TOTAL           Name                               Link     Load   Length     Space
        CLASS   STACK          

        CLASS   CODE           
                end_init                             2E       2E        2         0
                cinit                                30       30       29         0
                intentry                              4        4       2A         0
                reset_vec                             0        0        2         0
                text44                              3ED      3ED        3         0
                text43                              33B      33B        F         0
                text42                              3EA      3EA        3         0
                text41                              32C      32C        F         0
                text40                              1F2      1F2       31         0
                text39                              3AE      3AE        7         0
                text38                              3A7      3A7        7         0
                text37                              30B      30B       12         0
                text36                              3A0      3A0        7         0
                text35                              399      399        7         0
                text34                              2F9      2F9       12         0
                text33                               59       59       6B         0
                text32                              25D      25D       1C         0
                text31                              3E7      3E7        3         0
                text30                              37C      37C        B         0
                text29                              3CC      3CC        5         0
                text27                              1BD      1BD       35         0
                text26                              241      241       1C         0
                text25                               C4       C4       62         0
                text24                              3E4      3E4        3         0
                text23                              371      371        B         0
                text22                              34A      34A        E         0
                text21                              3C1      3C1        6         0
                text20                              3BB      3BB        6         0
                text19                              279      279       19         0
                text18                              390      390        9         0
                text17                              31D      31D        F         0
                text16                              358      358        D         0
                text15                              387      387        9         0
                text14                              17E      17E       3F         0
                text13                              3B5      3B5        6         0
                text12                              3E1      3E1        3         0
                text11                              2C0      2C0       15         0
                text10                              3DE      3DE        3         0
                text9                               2E7      2E7       12         0
                text8                               3DB      3DB        3         0
                text7                               2D5      2D5       12         0
                text6                               3D1      3D1        4         0
                text5                               223      223       1E         0
                text4                               3D8      3D8        3         0
                text3                               2A9      2A9       17         0
                text2                               3D5      3D5        3         0
                text1                               292      292       17         0
                maintext                            126      126       58         0
                clrtext                             365      365        C         0
                idataBANK0                          3C7      3C7        5         0

        CLASS   STRCODE        

        CLASS   STRING         

        CLASS   CONST          

        CLASS   ENTRY          

        CLASS   COMMON         
                cstackCOMMON                         70       70        C         1
                bssCOMMON                            7C       7C        2         1

        CLASS   BANK0          
                cstackBANK0                          4C       4C        F         1
                dataBANK0                            61       61        5         1
                bssBANK0                             20       20       2C         1
                nvBANK0                              5B       5B        6         1

        CLASS   BANK1          

        CLASS   BANK2          

        CLASS   BANK3          

        CLASS   BANK4          

        CLASS   BANK5          

        CLASS   BANK6          

        CLASS   BIGRAM         

        CLASS   RAM            

        CLASS   ABS1           
                abs_s1                               7E       7E        2         1
                abs_s1                              1A0      1A0       50         1
                abs_s1                              220      220       50         1
                abs_s1                              2A0      2A0       50         1
                abs_s1                              320      320       10         1
                abs_s1                             20F0     20F0        0         1
                abs_s1                             2170     2170        0         1

        CLASS   SFR0           

        CLASS   SFR1           

        CLASS   SFR2           

        CLASS   SFR3           

        CLASS   SFR4           

        CLASS   SFR5           

        CLASS   SFR6           

        CLASS   SFR7           

        CLASS   SFR8           

        CLASS   SFR9           

        CLASS   SFR10          

        CLASS   SFR11          

        CLASS   SFR12          

        CLASS   SFR13          

        CLASS   SFR14          

        CLASS   SFR15          

        CLASS   SFR16          

        CLASS   SFR17          

        CLASS   SFR18          

        CLASS   SFR19          

        CLASS   SFR20          

        CLASS   SFR21          

        CLASS   SFR22          

        CLASS   SFR23          

        CLASS   SFR24          

        CLASS   SFR25          

        CLASS   SFR26          

        CLASS   SFR27          

        CLASS   SFR28          

        CLASS   SFR29          

        CLASS   SFR30          

        CLASS   SFR31          

        CLASS   CONFIG         
                config                             8007     8007        4         0

        CLASS   IDLOC          

        CLASS   EEDATA         

        CLASS   BANK31         

        CLASS   BANK30         

        CLASS   BANK29         

        CLASS   BANK28         

        CLASS   BANK27         

        CLASS   BANK26         

        CLASS   BANK25         

        CLASS   BANK24         

        CLASS   BANK23         

        CLASS   BANK22         

        CLASS   BANK21         

        CLASS   BANK20         

        CLASS   BANK19         

        CLASS   BANK18         

        CLASS   BANK17         

        CLASS   BANK16         

        CLASS   BANK15         

        CLASS   BANK14         

        CLASS   BANK13         

        CLASS   BANK12         

        CLASS   BANK11         

        CLASS   BANK10         

        CLASS   BANK9          

        CLASS   BANK8          

        CLASS   BANK7          



SEGMENTS        Name                           Load    Length   Top    Selector   Space  Class     Delta

                reset_vec                      000000  000002  000002         0       0  CODE        2
                intentry                       000004  0003EC  0003F0         8       0  CODE        2
                bssBANK0                       000020  000046  000066        20       1  BANK0       1
                cstackCOMMON                   000070  00000E  00007E        70       1  COMMON      1
                config                         008007  000004  00800B     1000E       0  CONFIG      2


UNUSED ADDRESS RANGES

        Name                Unused          Largest block    Delta
        BANK0            00066-0006F               A           1
        BANK1            000A0-000EF              50           1
        BANK2            00120-0016F              50           1
        BIGRAM           02000-021EF             1F0           1
        CODE             00002-00003               2           2
                         003F0-00FFF             410
        CONST            00002-00003               2           2
                         003F0-00FFF             100
        EEDATA           0F000-0F0FF             100           2
        ENTRY            00002-00003               2           2
                         003F0-00FFF             100
        IDLOC            08000-08003               4           2
        RAM              00066-0006F               A           1
                         000A0-000EF              50
                         00120-0016F              50
        SFR0             00000-0001F              20           1
        SFR1             00080-0009F              20           1
        SFR10            00500-0056F              70           1
        SFR11            00580-005EF              70           1
        SFR12            00600-0066F              70           1
        SFR13            00680-006EF              70           1
        SFR14            00700-0076F              70           1
        SFR15            00780-007EF              70           1
        SFR16            00800-0086F              70           1
        SFR17            00880-008EF              70           1
        SFR18            00900-0096F              70           1
        SFR19            00980-009EF              70           1
        SFR2             00100-0011F              20           1
        SFR20            00A00-00A6F              70           1
        SFR21            00A80-00AEF              70           1
        SFR22            00B00-00B6F              70           1
        SFR23            00B80-00BEF              70           1
        SFR24            00C00-00C6F              70           1
        SFR25            00C80-00CEF              70           1
        SFR26            00D00-00D6F              70           1
        SFR27            00D80-00DEF              70           1
        SFR28            00E00-00E6F              70           1
        SFR29            00E80-00EEF              70           1
        SFR3             00180-0019F              20           1
        SFR30            00F00-00F6F              70           1
        SFR31            00F80-00FEF              70           1
        SFR4             00200-0021F              20           1
        SFR5             00280-0029F              20           1
        SFR6             00300-0031F              20           1
        SFR7             00380-003EF              70           1
        SFR8             00400-0046F              70           1
        SFR9             00480-004EF              70           1
        STACK            02046-020EF              AA           1
        STRCODE          00002-00003               2           2
                         003F0-00FFF             C10
        STRING           00002-00003               2           2
                         003F0-00FFF             100

                                  Symbol Table

?___lwdiv                                 cstackBANK0  0004C
?___wmul                                  cstackBANK0  0004C
CCP1_CallBack@capturedValue               cstackCOMMON 00076
CCP1_CaptureISR@module                    cstackCOMMON 00079
CCP2_CallBack@capturedValue               cstackCOMMON 00076
CCP2_CaptureISR@module                    cstackCOMMON 00079
EncA_PulseEdgeEvent@capturedValue         cstackCOMMON 00074
EncB_PulseEdgeEvent@capturedValue         cstackCOMMON 00074
LedONStartConfig@LEDcolor                 cstackBANK0  00058
LedONStartConfig@LedONDurationSec         cstackBANK0  00054
LedONStartConfig@LedONNumBlink            cstackBANK0  00055
ModbusMasterInit@slave                    cstackBANK0  0004D
PIN_MANAGER_Initialize@state              cstackBANK0  0004C
TMR0_SetInterruptHandler@InterruptHandler cstackBANK0  0004C
TMR3_WriteTimer@timerVal                  cstackBANK0  0004C
TMR5_WriteTimer@timerVal                  cstackBANK0  0004C
_ADACT                                    (abs)        0009F
_ADCON0                                   (abs)        0009D
_ADCON0bits                               (abs)        0009D
_ADCON1                                   (abs)        0009E
_ADC_Initialize                           text18       00390
_ADRESH                                   (abs)        0009C
_ADRESL                                   (abs)        0009B
_ANSELA                                   (abs)        0018C
_ANSELB                                   (abs)        0018D
_ANSELC                                   (abs)        0018E
_BAUD1CON                                 (abs)        0019F
_Blick_tickPoint                          bssBANK0     00026
_Blick_tickPointMsec                      bssBANK0     00028
_CCP1CAP                                  (abs)        00294
_CCP1CON                                  (abs)        00293
_CCP1PPSbits                              (abs)        00E14
_CCP1_CallBack                            text38       003A7
_CCP1_CaptureISR                          text37       0030B
_CCP1_Initialize                          text17       0031D
_CCP2CAP                                  (abs)        00298
_CCP2CON                                  (abs)        00297
_CCP2PPSbits                              (abs)        00E15
_CCP2_CallBack                            text35       00399
_CCP2_CaptureISR                          text34       002F9
_CCP2_Initialize                          text16       00358
_CCPR1H                                   (abs)        00292
_CCPR1L                                   (abs)        00291
_CCPR2H                                   (abs)        00296
_CCPR2L                                   (abs)        00295
_CCPTMRSbits                              (abs)        0029F
_EUSART_Initialize                        text23       00371
_EncA_PulseEdgeEvent                      text39       003AE
_EncB_PulseEdgeEvent                      text36       003A0
_EncPulseCntResult                        bssBANK0     0004B
_EncPulseOpState                          bssCOMMON    0007C
_GIE                                      (abs)        0005F
_INTCONbits                               (abs)        0000B
_INTERRUPT_InterruptManager               intentry     00004
_LATA                                     (abs)        0010C
_LATB                                     (abs)        0010D
_LATBbits                                 (abs)        0010D
_LATC                                     (abs)        0010E
_LATCbits                                 (abs)        0010E
_LED_Color                                dataBANK0    00065
_LED_msec_Cnt                             bssBANK0     0002A
_LedONStartConfig                         text25       000C4
_LedONStatusBusy                          text24       003E4
_LedON_Control_10msec                     text33       00059
_LedON_Duration_msec                      bssBANK0     00024
_Led_ON                                   bssBANK0     00044
_MBreadNoOfPulseCnt                       dataBANK0    00063
_MBreadPulseTimeoutSec                    dataBANK0    00061
_MBread_EPC_Ctrl                          bssBANK0     0003E
_ModbusMasterInit                         text22       0034A
_ModbusMasterSetup                        text19       00279
_ODCONA                                   (abs)        0028C
_ODCONB                                   (abs)        0028D
_ODCONC                                   (abs)        0028E
_OSCCON1                                  (abs)        00919
_OSCCON3                                  (abs)        0091B
_OSCEN                                    (abs)        0091D
_OSCFRQ                                   (abs)        0091F
_OSCILLATOR_Initialize                    text15       00387
_OSCTUNE                                  (abs)        0091E
_OldEncPulseOpState                       bssBANK0     0003C
_PIE0bits                                 (abs)        00090
_PIE4bits                                 (abs)        00094
_PIN_MANAGER_Initialize                   text14       0017E
_PIR0bits                                 (abs)        00010
_PIR1bits                                 (abs)        00011
_PIR3bits                                 (abs)        00013
_PIR4bits                                 (abs)        00014
_PORTCbits                                (abs)        0000E
_PPSLOCK                                  (abs)        00E0F
_PPSLOCKbits                              (abs)        00E0F
_PulseTime_uSec                           bssBANK0     0003A
_RC1REG                                   (abs)        00199
_RC1STA                                   (abs)        0019D
_RC1STAbits                               (abs)        0019D
_RXPPSbits                                (abs)        00E24
_SP1BRGH                                  (abs)        0019C
_SP1BRGL                                  (abs)        0019B
_SYSTEM_Initialize                        text5        00223
_T0CON0                                   (abs)        00017
_T0CON0bits                               (abs)        00017
_T0CON1                                   (abs)        00018
_T3CON                                    (abs)        00413
_T3CONbits                                (abs)        00413
_T3GCON                                   (abs)        00414
_T3GCONbits                               (abs)        00414
_T5CON                                    (abs)        0041A
_T5CONbits                                (abs)        0041A
_T5GCON                                   (abs)        0041B
_T5GCONbits                               (abs)        0041B
_TMR0H                                    (abs)        00016
_TMR0L                                    (abs)        00015
_TMR0_CallBack                            text30       0037C
_TMR0_DefaultInterruptHandler             text31       003E7
_TMR0_ISR                                 text29       003CC
_TMR0_Initialize                          text11       002C0
_TMR0_InterruptHandler                    nvBANK0      0005B
_TMR0_SetInterruptHandler                 text13       003B5
_TMR0_StartTimer                          text12       003E1
_TMR3H                                    (abs)        00412
_TMR3L                                    (abs)        00411
_TMR3_Initialize                          text9        002E7
_TMR3_StartTimer                          text10       003DE
_TMR3_StopTimer                           text4        003D8
_TMR3_WriteTimer                          text3        002A9
_TMR5H                                    (abs)        00419
_TMR5L                                    (abs)        00418
_TMR5_Initialize                          text7        002D5
_TMR5_StartTimer                          text8        003DB
_TMR5_StopTimer                           text2        003D5
_TMR5_WriteTimer                          text1        00292
_TRISA                                    (abs)        0008C
_TRISB                                    (abs)        0008D
_TRISC                                    (abs)        0008E
_TX1REG                                   (abs)        0019A
_TX1STA                                   (abs)        0019E
_Timer0_tick10msecFunc                    text32       0025D
_TimertickMsec                            bssBANK0     00020
_WDTCON                                   (abs)        00097
_WDT_Initialize                           text6        003D1
_WPUA                                     (abs)        0020C
_WPUB                                     (abs)        0020D
_WPUC                                     (abs)        0020E
__CFG_BOREN$ON                            (abs)        00000
__CFG_BORV$LOW                            (abs)        00000
__CFG_CLKOUTEN$OFF                        (abs)        00000
__CFG_CP$OFF                              (abs)        00000
__CFG_CPD$OFF                             (abs)        00000
__CFG_CSWEN$ON                            (abs)        00000
__CFG_DEBUG$OFF                           (abs)        00000
__CFG_FCMEN$ON                            (abs)        00000
__CFG_FEXTOSC$OFF                         (abs)        00000
__CFG_LPBOREN$OFF                         (abs)        00000
__CFG_LVP$ON                              (abs)        00000
__CFG_MCLRE$ON                            (abs)        00000
__CFG_PPS1WAY$ON                          (abs)        00000
__CFG_PWRTE$OFF                           (abs)        00000
__CFG_RSTOSC$HFINT1                       (abs)        00000
__CFG_STVREN$ON                           (abs)        00000
__CFG_WDTE$OFF                            (abs)        00000
__CFG_WRT$OFF                             (abs)        00000
__Habs1                                   abs1         00000
__Hbank0                                  bank0        00000
__Hbank1                                  bank1        00000
__Hbank10                                 bank10       00000
__Hbank11                                 bank11       00000
__Hbank12                                 bank12       00000
__Hbank13                                 bank13       00000
__Hbank14                                 bank14       00000
__Hbank15                                 bank15       00000
__Hbank16                                 bank16       00000
__Hbank17                                 bank17       00000
__Hbank18                                 bank18       00000
__Hbank19                                 bank19       00000
__Hbank2                                  bank2        00000
__Hbank20                                 bank20       00000
__Hbank21                                 bank21       00000
__Hbank22                                 bank22       00000
__Hbank23                                 bank23       00000
__Hbank24                                 bank24       00000
__Hbank25                                 bank25       00000
__Hbank26                                 bank26       00000
__Hbank27                                 bank27       00000
__Hbank28                                 bank28       00000
__Hbank29                                 bank29       00000
__Hbank3                                  bank3        00000
__Hbank30                                 bank30       00000
__Hbank31                                 bank31       00000
__Hbank4                                  bank4        00000
__Hbank5                                  bank5        00000
__Hbank6                                  bank6        00000
__Hbank7                                  bank7        00000
__Hbank8                                  bank8        00000
__Hbank9                                  bank9        00000
__Hbigram                                 bigram       00000
__HbssBANK0                               bssBANK0     00000
__HbssCOMMON                              bssCOMMON    00000
__Hcinit                                  cinit        00059
__Hclrtext                                clrtext      00000
__Hcode                                   code         00000
__Hcommon                                 common       00000
__Hconfig                                 config       0800B
__HcstackBANK0                            cstackBANK0  00000
__HcstackCOMMON                           cstackCOMMON 00000
__HdataBANK0                              dataBANK0    00000
__Heeprom_data                            eeprom_data  00000
__Hend_init                               end_init     00030
__Hfunctab                                functab      00000
__HidataBANK0                             idataBANK0   00000
__Hidloc                                  idloc        00000
__Hinit                                   init         0002E
__Hintentry                               intentry     0002E
__Hmaintext                               maintext     00000
__HnvBANK0                                nvBANK0      00000
__Hpowerup                                powerup      00000
__Hram                                    ram          00000
__Hreset_vec                              reset_vec    00002
__Hsfr0                                   sfr0         00000
__Hsfr1                                   sfr1         00000
__Hsfr10                                  sfr10        00000
__Hsfr11                                  sfr11        00000
__Hsfr12                                  sfr12        00000
__Hsfr13                                  sfr13        00000
__Hsfr14                                  sfr14        00000
__Hsfr15                                  sfr15        00000
__Hsfr16                                  sfr16        00000
__Hsfr17                                  sfr17        00000
__Hsfr18                                  sfr18        00000
__Hsfr19                                  sfr19        00000
__Hsfr2                                   sfr2         00000
__Hsfr20                                  sfr20        00000
__Hsfr21                                  sfr21        00000
__Hsfr22                                  sfr22        00000
__Hsfr23                                  sfr23        00000
__Hsfr24                                  sfr24        00000
__Hsfr25                                  sfr25        00000
__Hsfr26                                  sfr26        00000
__Hsfr27                                  sfr27        00000
__Hsfr28                                  sfr28        00000
__Hsfr29                                  sfr29        00000
__Hsfr3                                   sfr3         00000
__Hsfr30                                  sfr30        00000
__Hsfr31                                  sfr31        00000
__Hsfr4                                   sfr4         00000
__Hsfr5                                   sfr5         00000
__Hsfr6                                   sfr6         00000
__Hsfr7                                   sfr7         00000
__Hsfr8                                   sfr8         00000
__Hsfr9                                   sfr9         00000
__Hspace_0                                (abs)        0800B
__Hspace_1                                (abs)        0007E
__Hspace_2                                (abs)        00000
__Hspace_3                                (abs)        00000
__Hstack                                  stack        00000
__Hstrings                                strings      00000
__Htext                                   text         00000
__Labs1                                   abs1         00000
__Lbank0                                  bank0        00000
__Lbank1                                  bank1        00000
__Lbank10                                 bank10       00000
__Lbank11                                 bank11       00000
__Lbank12                                 bank12       00000
__Lbank13                                 bank13       00000
__Lbank14                                 bank14       00000
__Lbank15                                 bank15       00000
__Lbank16                                 bank16       00000
__Lbank17                                 bank17       00000
__Lbank18                                 bank18       00000
__Lbank19                                 bank19       00000
__Lbank2                                  bank2        00000
__Lbank20                                 bank20       00000
__Lbank21                                 bank21       00000
__Lbank22                                 bank22       00000
__Lbank23                                 bank23       00000
__Lbank24                                 bank24       00000
__Lbank25                                 bank25       00000
__Lbank26                                 bank26       00000
__Lbank27                                 bank27       00000
__Lbank28                                 bank28       00000
__Lbank29                                 bank29       00000
__Lbank3                                  bank3        00000
__Lbank30                                 bank30       00000
__Lbank31                                 bank31       00000
__Lbank4                                  bank4        00000
__Lbank5                                  bank5        00000
__Lbank6                                  bank6        00000
__Lbank7                                  bank7        00000
__Lbank8                                  bank8        00000
__Lbank9                                  bank9        00000
__Lbigram                                 bigram       00000
__LbssBANK0                               bssBANK0     00000
__LbssCOMMON                              bssCOMMON    00000
__Lcinit                                  cinit        00030
__Lclrtext                                clrtext      00000
__Lcode                                   code         00000
__Lcommon                                 common       00000
__Lconfig                                 config       08007
__LcstackBANK0                            cstackBANK0  00000
__LcstackCOMMON                           cstackCOMMON 00000
__LdataBANK0                              dataBANK0    00000
__Leeprom_data                            eeprom_data  00000
__Lend_init                               end_init     0002E
__Lfunctab                                functab      00000
__LidataBANK0                             idataBANK0   00000
__Lidloc                                  idloc        00000
__Linit                                   init         0002E
__Lintentry                               intentry     00004
__Lmaintext                               maintext     00000
__LnvBANK0                                nvBANK0      00000
__Lpowerup                                powerup      00000
__Lram                                    ram          00000
__Lreset_vec                              reset_vec    00000
__Lsfr0                                   sfr0         00000
__Lsfr1                                   sfr1         00000
__Lsfr10                                  sfr10        00000
__Lsfr11                                  sfr11        00000
__Lsfr12                                  sfr12        00000
__Lsfr13                                  sfr13        00000
__Lsfr14                                  sfr14        00000
__Lsfr15                                  sfr15        00000
__Lsfr16                                  sfr16        00000
__Lsfr17                                  sfr17        00000
__Lsfr18                                  sfr18        00000
__Lsfr19                                  sfr19        00000
__Lsfr2                                   sfr2         00000
__Lsfr20                                  sfr20        00000
__Lsfr21                                  sfr21        00000
__Lsfr22                                  sfr22        00000
__Lsfr23                                  sfr23        00000
__Lsfr24                                  sfr24        00000
__Lsfr25                                  sfr25        00000
__Lsfr26                                  sfr26        00000
__Lsfr27                                  sfr27        00000
__Lsfr28                                  sfr28        00000
__Lsfr29                                  sfr29        00000
__Lsfr3                                   sfr3         00000
__Lsfr30                                  sfr30        00000
__Lsfr31                                  sfr31        00000
__Lsfr4                                   sfr4         00000
__Lsfr5                                   sfr5         00000
__Lsfr6                                   sfr6         00000
__Lsfr7                                   sfr7         00000
__Lsfr8                                   sfr8         00000
__Lsfr9                                   sfr9         00000
__Lspace_0                                (abs)        00000
__Lspace_1                                (abs)        00000
__Lspace_2                                (abs)        00000
__Lspace_3                                (abs)        00000
__Lstack                                  stack        00000
__Lstrings                                strings      00000
__Ltext                                   text         00000
__S0                                      (abs)        0800B
__S1                                      (abs)        0007E
__S2                                      (abs)        00000
__S3                                      (abs)        00000
___int_sp                                 stack        00000
___latbits                                (abs)        00001
___lwdiv                                  text27       001BD
___lwdiv@counter                          cstackBANK0  00053
___lwdiv@dividend                         cstackBANK0  0004E
___lwdiv@divisor                          cstackBANK0  0004C
___lwdiv@quotient                         cstackBANK0  00051
___sp                                     stack        00000
___wmul                                   text26       00241
___wmul@multiplicand                      cstackBANK0  0004E
___wmul@multiplier                        cstackBANK0  0004C
___wmul@product                           cstackBANK0  00050
__end_of_ADC_Initialize                   text18       00399
__end_of_CCP1_CallBack                    text38       003AE
__end_of_CCP1_CaptureISR                  text37       0031D
__end_of_CCP1_Initialize                  text17       0032C
__end_of_CCP2_CallBack                    text35       003A0
__end_of_CCP2_CaptureISR                  text34       0030B
__end_of_CCP2_Initialize                  text16       00365
__end_of_EUSART_Initialize                text23       0037C
__end_of_EncA_PulseEdgeEvent              text39       003B5
__end_of_EncB_PulseEdgeEvent              text36       003A7
__end_of_INTERRUPT_InterruptManager       intentry     0002E
__end_of_LedONStartConfig                 text25       00126
__end_of_LedONStatusBusy                  text24       003E7
__end_of_LedON_Control_10msec             text33       000C4
__end_of_ModbusMasterInit                 text22       00358
__end_of_ModbusMasterSetup                text19       00292
__end_of_OSCILLATOR_Initialize            text15       00390
__end_of_PIN_MANAGER_Initialize           text14       001BD
__end_of_SYSTEM_Initialize                text5        00241
__end_of_TMR0_CallBack                    text30       00387
__end_of_TMR0_DefaultInterruptHandler     text31       003EA
__end_of_TMR0_ISR                         text29       003D1
__end_of_TMR0_Initialize                  text11       002D5
__end_of_TMR0_SetInterruptHandler         text13       003BB
__end_of_TMR0_StartTimer                  text12       003E4
__end_of_TMR3_Initialize                  text9        002F9
__end_of_TMR3_StartTimer                  text10       003E1
__end_of_TMR3_StopTimer                   text4        003DB
__end_of_TMR3_WriteTimer                  text3        002C0
__end_of_TMR5_Initialize                  text7        002E7
__end_of_TMR5_StartTimer                  text8        003DE
__end_of_TMR5_StopTimer                   text2        003D8
__end_of_TMR5_WriteTimer                  text1        002A9
__end_of_Timer0_tick10msecFunc            text32       00279
__end_of_WDT_Initialize                   text6        003D5
__end_of___lwdiv                          text27       001F2
__end_of___wmul                           text26       0025D
__end_of__initialization                  cinit        00055
__end_of_getStateOfPulse                  text40       00223
__end_of_main                             maintext     0017E
__end_of_postTransmission                 text21       003C7
__end_of_preTransmission                  text20       003C1
__end_ofi1_TMR3_StartTimer                text44       003F0
__end_ofi1_TMR3_WriteTimer                text43       0034A
__end_ofi1_TMR5_StartTimer                text42       003ED
__end_ofi1_TMR5_WriteTimer                text41       0033B
__initialization                          cinit        00030
__pbssBANK0                               bssBANK0     00020
__pbssBIGRAM                              (abs)        020F0
__pbssCOMMON                              bssCOMMON    0007C
__pcstackBANK0                            cstackBANK0  0004C
__pcstackCOMMON                           cstackCOMMON 00070
__pdataBANK0                              dataBANK0    00061
__pidataBANK0                             idataBANK0   003C7
__pintentry                               intentry     00004
__pmaintext                               maintext     00126
__pnvBANK0                                nvBANK0      0005B
__postTransmission                        bssBANK0     0002C
__preTransmission                         bssBANK0     0002E
__ptext1                                  text1        00292
__ptext10                                 text10       003DE
__ptext11                                 text11       002C0
__ptext12                                 text12       003E1
__ptext13                                 text13       003B5
__ptext14                                 text14       0017E
__ptext15                                 text15       00387
__ptext16                                 text16       00358
__ptext17                                 text17       0031D
__ptext18                                 text18       00390
__ptext19                                 text19       00279
__ptext2                                  text2        003D5
__ptext20                                 text20       003BB
__ptext21                                 text21       003C1
__ptext22                                 text22       0034A
__ptext23                                 text23       00371
__ptext24                                 text24       003E4
__ptext25                                 text25       000C4
__ptext26                                 text26       00241
__ptext27                                 text27       001BD
__ptext29                                 text29       003CC
__ptext3                                  text3        002A9
__ptext30                                 text30       0037C
__ptext31                                 text31       003E7
__ptext32                                 text32       0025D
__ptext33                                 text33       00059
__ptext34                                 text34       002F9
__ptext35                                 text35       00399
__ptext36                                 text36       003A0
__ptext37                                 text37       0030B
__ptext38                                 text38       003A7
__ptext39                                 text39       003AE
__ptext4                                  text4        003D8
__ptext40                                 text40       001F2
__ptext41                                 text41       0032C
__ptext42                                 text42       003EA
__ptext43                                 text43       0033B
__ptext44                                 text44       003ED
__ptext5                                  text5        00223
__ptext6                                  text6        003D1
__ptext7                                  text7        002D5
__ptext8                                  text8        003DB
__ptext9                                  text9        002E7
__size_of_ADC_Initialize                  (abs)        00000
__size_of_CCP1_CallBack                   (abs)        00000
__size_of_CCP1_CaptureISR                 (abs)        00000
__size_of_CCP1_Initialize                 (abs)        00000
__size_of_CCP2_CallBack                   (abs)        00000
__size_of_CCP2_CaptureISR                 (abs)        00000
__size_of_CCP2_Initialize                 (abs)        00000
__size_of_EUSART_Initialize               (abs)        00000
__size_of_EncA_PulseEdgeEvent             (abs)        00000
__size_of_EncB_PulseEdgeEvent             (abs)        00000
__size_of_INTERRUPT_InterruptManager      (abs)        00000
__size_of_LedONStartConfig                (abs)        00000
__size_of_LedONStatusBusy                 (abs)        00000
__size_of_LedON_Control_10msec            (abs)        00000
__size_of_ModbusMasterInit                (abs)        00000
__size_of_ModbusMasterSetup               (abs)        00000
__size_of_OSCILLATOR_Initialize           (abs)        00000
__size_of_PIN_MANAGER_Initialize          (abs)        00000
__size_of_SYSTEM_Initialize               (abs)        00000
__size_of_TMR0_CallBack                   (abs)        00000
__size_of_TMR0_DefaultInterruptHandler    (abs)        00000
__size_of_TMR0_ISR                        (abs)        00000
__size_of_TMR0_Initialize                 (abs)        00000
__size_of_TMR0_SetInterruptHandler        (abs)        00000
__size_of_TMR0_StartTimer                 (abs)        00000
__size_of_TMR3_Initialize                 (abs)        00000
__size_of_TMR3_StartTimer                 (abs)        00000
__size_of_TMR3_StopTimer                  (abs)        00000
__size_of_TMR3_WriteTimer                 (abs)        00000
__size_of_TMR5_Initialize                 (abs)        00000
__size_of_TMR5_StartTimer                 (abs)        00000
__size_of_TMR5_StopTimer                  (abs)        00000
__size_of_TMR5_WriteTimer                 (abs)        00000
__size_of_Timer0_tick10msecFunc           (abs)        00000
__size_of_WDT_Initialize                  (abs)        00000
__size_of___lwdiv                         (abs)        00000
__size_of___wmul                          (abs)        00000
__size_of_getStateOfPulse                 (abs)        00000
__size_of_main                            (abs)        00000
__size_of_postTransmission                (abs)        00000
__size_of_preTransmission                 (abs)        00000
__size_ofi1_TMR3_StartTimer               (abs)        00000
__size_ofi1_TMR3_WriteTimer               (abs)        00000
__size_ofi1_TMR5_StartTimer               (abs)        00000
__size_ofi1_TMR5_WriteTimer               (abs)        00000
__u16ReadAddress                          bssBANK0     00038
__u16ReadQty                              bssBANK0     00036
__u16ResponseBuffer                       (abs)        020F0
__u16TransmitBuffer                       (abs)        02170
__u16WriteAddress                         bssBANK0     00034
__u16WriteQty                             bssBANK0     00032
__u8MBSlave                               bssBANK0     0004A
__u8ResponseBufferIndex                   bssBANK0     00046
__u8ResponseBufferLength                  bssBANK0     00045
__u8TransmitBufferIndex                   bssBANK0     00048
_getStateOfPulse                          text40       001F2
_main                                     maintext     00126
_postTransmission                         text21       003C1
_postTransmission_App                     (abs)        00000
_preTransmission                          text20       003BB
_preTransmission_App                      (abs)        00000
_timer3ReloadVal                          nvBANK0      0005F
_timer5ReloadVal                          nvBANK0      0005D
_u16TransmitBufferLength                  bssBANK0     00030
btemp                                     (abs)        0007E
clear_ram0                                clrtext      00365
end_of_initialization                     cinit        00055
getStateOfPulse@capturevalue              cstackCOMMON 00072
i1TMR3_WriteTimer@timerVal                cstackCOMMON 00070
i1TMR5_WriteTimer@timerVal                cstackCOMMON 00070
i1_TMR3_StartTimer                        text44       003ED
i1_TMR3_WriteTimer                        text43       0033B
i1_TMR5_StartTimer                        text42       003EA
i1_TMR5_WriteTimer                        text41       0032C
int$flags                                 (abs)        0007E
intlevel0                                 functab      00000
intlevel1                                 functab      00000
intlevel2                                 functab      00000
intlevel3                                 functab      00000
intlevel4                                 functab      00000
intlevel5                                 functab      00000
postTransmission@postTransmission         cstackBANK0  0004C
preTransmission@preTransmission           cstackBANK0  0004C
reset_vec                                 reset_vec    00000
stackhi                                   (abs)        020EF
stacklo                                   (abs)        02046
start                                     init         0002E
start_initialization                      cinit        00030
wtemp0                                    (abs)        0007E


FUNCTION INFORMATION:

 *************** function _main *****************
 Defined at:
		line 67 in file "main.c"
 Parameters:    Size  Location     Type
		None
 Auto vars:     Size  Location     Type
		None
 Return value:  Size  Location     Type
                  1    wreg      void 
 Registers used:
		wreg, fsr0l, fsr0h, status,2, status,0, pclath, cstack
 Tracked objects:
		On entry : 
		On exit  : 
		Unchanged: 
 Data sizes:     COMMON   BANK0   BANK1   BANK2   BANK3   BANK4   BANK5   BANK6
      Params:         0       0       0       0       0       0       0       0
      Locals:         0       0       0       0       0       0       0       0
      Temps:          0       2       0       0       0       0       0       0
      Totals:         0       2       0       0       0       0       0       0
Total ram usage:        2 bytes
 Hardware stack levels required when called:    9
 This function calls:
		_LedONStartConfig
		_LedONStatusBusy
		_ModbusMasterSetup
		_SYSTEM_Initialize
		_TMR3_StopTimer
		_TMR3_WriteTimer
		_TMR5_StopTimer
		_TMR5_WriteTimer
 This function is called by:
		Startup code after reset
 This function uses a non-reentrant model


 *************** function _TMR5_WriteTimer *****************
 Defined at:
		line 110 in file "mcc_generated_files/tmr5.c"
 Parameters:    Size  Location     Type
  timerVal        2    0[BANK0 ] unsigned int 
 Auto vars:     Size  Location     Type
		None
 Return value:  Size  Location     Type
                  1    wreg      void 
 Registers used:
		wreg, status,2
 Tracked objects:
		On entry : 
		On exit  : 
		Unchanged: 
 Data sizes:     COMMON   BANK0   BANK1   BANK2   BANK3   BANK4   BANK5   BANK6
      Params:         0       2       0       0       0       0       0       0
      Locals:         0       0       0       0       0       0       0       0
      Temps:          0       0       0       0       0       0       0       0
      Totals:         0       2       0       0       0       0       0       0
Total ram usage:        2 bytes
 Hardware stack levels used:    1
 Hardware stack levels required when called:    6
 This function calls:
		Nothing
 This function is called by:
		_main
 This function uses a non-reentrant model


 *************** function _TMR5_StopTimer *****************
 Defined at:
		line 95 in file "mcc_generated_files/tmr5.c"
 Parameters:    Size  Location     Type
		None
 Auto vars:     Size  Location     Type
		None
 Return value:  Size  Location     Type
                  1    wreg      void 
 Registers used:
		None
 Tracked objects:
		On entry : 
		On exit  : 
		Unchanged: 
 Data sizes:     COMMON   BANK0   BANK1   BANK2   BANK3   BANK4   BANK5   BANK6
      Params:         0       0       0       0       0       0       0       0
      Locals:         0       0       0       0       0       0       0       0
      Temps:          0       0       0       0       0       0       0       0
      Totals:         0       0       0       0       0       0       0       0
Total ram usage:        0 bytes
 Hardware stack levels used:    1
 Hardware stack levels required when called:    6
 This function calls:
		Nothing
 This function is called by:
		_main
 This function uses a non-reentrant model


 *************** function _TMR3_WriteTimer *****************
 Defined at:
		line 110 in file "mcc_generated_files/tmr3.c"
 Parameters:    Size  Location     Type
  timerVal        2    0[BANK0 ] unsigned int 
 Auto vars:     Size  Location     Type
		None
 Return value:  Size  Location     Type
                  1    wreg      void 
 Registers used:
		wreg, status,2
 Tracked objects:
		On entry : 
		On exit  : 
		Unchanged: 
 Data sizes:     COMMON   BANK0   BANK1   BANK2   BANK3   BANK4   BANK5   BANK6
      Params:         0       2       0       0       0       0       0       0
      Locals:         0       0       0       0       0       0       0       0
      Temps:          0       0       0       0       0       0       0       0
      Totals:         0       2       0       0       0       0       0       0
Total ram usage:        2 bytes
 Hardware stack levels used:    1
 Hardware stack levels required when called:    6
 This function calls:
		Nothing
 This function is called by:
		_main
 This function uses a non-reentrant model


 *************** function _TMR3_StopTimer *****************
 Defined at:
		line 95 in file "mcc_generated_files/tmr3.c"
 Parameters:    Size  Location     Type
		None
 Auto vars:     Size  Location     Type
		None
 Return value:  Size  Location     Type
                  1    wreg      void 
 Registers used:
		None
 Tracked objects:
		On entry : 
		On exit  : 
		Unchanged: 
 Data sizes:     COMMON   BANK0   BANK1   BANK2   BANK3   BANK4   BANK5   BANK6
      Params:         0       0       0       0       0       0       0       0
      Locals:         0       0       0       0       0       0       0       0
      Temps:          0       0       0       0       0       0       0       0
      Totals:         0       0       0       0       0       0       0       0
Total ram usage:        0 bytes
 Hardware stack levels used:    1
 Hardware stack levels required when called:    6
 This function calls:
		Nothing
 This function is called by:
		_main
 This function uses a non-reentrant model


 *************** function _SYSTEM_Initialize *****************
 Defined at:
		line 76 in file "mcc_generated_files/mcc.c"
 Parameters:    Size  Location     Type
		None
 Auto vars:     Size  Location     Type
		None
 Return value:  Size  Location     Type
                  1    wreg      void 
 Registers used:
		wreg, status,2, status,0, pclath, cstack
 Tracked objects:
		On entry : 
		On exit  : 
		Unchanged: 
 Data sizes:     COMMON   BANK0   BANK1   BANK2   BANK3   BANK4   BANK5   BANK6
      Params:         0       0       0       0       0       0       0       0
      Locals:         0       0       0       0       0       0       0       0
      Temps:          0       0       0       0       0       0       0       0
      Totals:         0       0       0       0       0       0       0       0
Total ram usage:        0 bytes
 Hardware stack levels used:    1
 Hardware stack levels required when called:    8
 This function calls:
		_ADC_Initialize
		_CCP1_Initialize
		_CCP2_Initialize
		_EUSART_Initialize
		_OSCILLATOR_Initialize
		_PIN_MANAGER_Initialize
		_TMR0_Initialize
		_TMR3_Initialize
		_TMR5_Initialize
		_WDT_Initialize
 This function is called by:
		_main
 This function uses a non-reentrant model


 *************** function _WDT_Initialize *****************
 Defined at:
		line 107 in file "mcc_generated_files/mcc.c"
 Parameters:    Size  Location     Type
		None
 Auto vars:     Size  Location     Type
		None
 Return value:  Size  Location     Type
                  1    wreg      void 
 Registers used:
		wreg
 Tracked objects:
		On entry : 
		On exit  : 
		Unchanged: 
 Data sizes:     COMMON   BANK0   BANK1   BANK2   BANK3   BANK4   BANK5   BANK6
      Params:         0       0       0       0       0       0       0       0
      Locals:         0       0       0       0       0       0       0       0
      Temps:          0       0       0       0       0       0       0       0
      Totals:         0       0       0       0       0       0       0       0
Total ram usage:        0 bytes
 Hardware stack levels used:    1
 Hardware stack levels required when called:    6
 This function calls:
		Nothing
 This function is called by:
		_SYSTEM_Initialize
 This function uses a non-reentrant model


 *************** function _TMR5_Initialize *****************
 Defined at:
		line 63 in file "mcc_generated_files/tmr5.c"
 Parameters:    Size  Location     Type
		None
 Auto vars:     Size  Location     Type
		None
 Return value:  Size  Location     Type
                  1    wreg      void 
 Registers used:
		wreg, status,2, status,0, pclath, cstack
 Tracked objects:
		On entry : 
		On exit  : 
		Unchanged: 
 Data sizes:     COMMON   BANK0   BANK1   BANK2   BANK3   BANK4   BANK5   BANK6
      Params:         0       0       0       0       0       0       0       0
      Locals:         0       0       0       0       0       0       0       0
      Temps:          0       0       0       0       0       0       0       0
      Totals:         0       0       0       0       0       0       0       0
Total ram usage:        0 bytes
 Hardware stack levels used:    1
 Hardware stack levels required when called:    7
 This function calls:
		_TMR5_StartTimer
 This function is called by:
		_SYSTEM_Initialize
 This function uses a non-reentrant model


 *************** function _TMR5_StartTimer *****************
 Defined at:
		line 89 in file "mcc_generated_files/tmr5.c"
 Parameters:    Size  Location     Type
		None
 Auto vars:     Size  Location     Type
		None
 Return value:  Size  Location     Type
                  1    wreg      void 
 Registers used:
		None
 Tracked objects:
		On entry : 
		On exit  : 
		Unchanged: 
 Data sizes:     COMMON   BANK0   BANK1   BANK2   BANK3   BANK4   BANK5   BANK6
      Params:         0       0       0       0       0       0       0       0
      Locals:         0       0       0       0       0       0       0       0
      Temps:          0       0       0       0       0       0       0       0
      Totals:         0       0       0       0       0       0       0       0
Total ram usage:        0 bytes
 Hardware stack levels used:    1
 Hardware stack levels required when called:    6
 This function calls:
		Nothing
 This function is called by:
		_TMR5_Initialize
 This function uses a non-reentrant model


 *************** function _TMR3_Initialize *****************
 Defined at:
		line 63 in file "mcc_generated_files/tmr3.c"
 Parameters:    Size  Location     Type
		None
 Auto vars:     Size  Location     Type
		None
 Return value:  Size  Location     Type
                  1    wreg      void 
 Registers used:
		wreg, status,2, status,0, pclath, cstack
 Tracked objects:
		On entry : 
		On exit  : 
		Unchanged: 
 Data sizes:     COMMON   BANK0   BANK1   BANK2   BANK3   BANK4   BANK5   BANK6
      Params:         0       0       0       0       0       0       0       0
      Locals:         0       0       0       0       0       0       0       0
      Temps:          0       0       0       0       0       0       0       0
      Totals:         0       0       0       0       0       0       0       0
Total ram usage:        0 bytes
 Hardware stack levels used:    1
 Hardware stack levels required when called:    7
 This function calls:
		_TMR3_StartTimer
 This function is called by:
		_SYSTEM_Initialize
 This function uses a non-reentrant model


 *************** function _TMR3_StartTimer *****************
 Defined at:
		line 89 in file "mcc_generated_files/tmr3.c"
 Parameters:    Size  Location     Type
		None
 Auto vars:     Size  Location     Type
		None
 Return value:  Size  Location     Type
                  1    wreg      void 
 Registers used:
		None
 Tracked objects:
		On entry : 
		On exit  : 
		Unchanged: 
 Data sizes:     COMMON   BANK0   BANK1   BANK2   BANK3   BANK4   BANK5   BANK6
      Params:         0       0       0       0       0       0       0       0
      Locals:         0       0       0       0       0       0       0       0
      Temps:          0       0       0       0       0       0       0       0
      Totals:         0       0       0       0       0       0       0       0
Total ram usage:        0 bytes
 Hardware stack levels used:    1
 Hardware stack levels required when called:    6
 This function calls:
		Nothing
 This function is called by:
		_TMR3_Initialize
 This function uses a non-reentrant model


 *************** function _TMR0_Initialize *****************
 Defined at:
		line 61 in file "mcc_generated_files/tmr0.c"
 Parameters:    Size  Location     Type
		None
 Auto vars:     Size  Location     Type
		None
 Return value:  Size  Location     Type
                  1    wreg      void 
 Registers used:
		wreg, status,2, status,0, pclath, cstack
 Tracked objects:
		On entry : 
		On exit  : 
		Unchanged: 
 Data sizes:     COMMON   BANK0   BANK1   BANK2   BANK3   BANK4   BANK5   BANK6
      Params:         0       0       0       0       0       0       0       0
      Locals:         0       0       0       0       0       0       0       0
      Temps:          0       0       0       0       0       0       0       0
      Totals:         0       0       0       0       0       0       0       0
Total ram usage:        0 bytes
 Hardware stack levels used:    1
 Hardware stack levels required when called:    7
 This function calls:
		_TMR0_SetInterruptHandler
		_TMR0_StartTimer
 This function is called by:
		_SYSTEM_Initialize
 This function uses a non-reentrant model


 *************** function _TMR0_StartTimer *****************
 Defined at:
		line 90 in file "mcc_generated_files/tmr0.c"
 Parameters:    Size  Location     Type
		None
 Auto vars:     Size  Location     Type
		None
 Return value:  Size  Location     Type
                  1    wreg      void 
 Registers used:
		None
 Tracked objects:
		On entry : 
		On exit  : 
		Unchanged: 
 Data sizes:     COMMON   BANK0   BANK1   BANK2   BANK3   BANK4   BANK5   BANK6
      Params:         0       0       0       0       0       0       0       0
      Locals:         0       0       0       0       0       0       0       0
      Temps:          0       0       0       0       0       0       0       0
      Totals:         0       0       0       0       0       0       0       0
Total ram usage:        0 bytes
 Hardware stack levels used:    1
 Hardware stack levels required when called:    6
 This function calls:
		Nothing
 This function is called by:
		_TMR0_Initialize
 This function uses a non-reentrant model


 *************** function _TMR0_SetInterruptHandler *****************
 Defined at:
		line 145 in file "mcc_generated_files/tmr0.c"
 Parameters:    Size  Location     Type
  InterruptHan    2    0[BANK0 ] PTR void 
		 -> TMR0_DefaultInterruptHandler(1), 
 Auto vars:     Size  Location     Type
		None
 Return value:  Size  Location     Type
                  1    wreg      void 
 Registers used:
		wreg
 Tracked objects:
		On entry : 
		On exit  : 
		Unchanged: 
 Data sizes:     COMMON   BANK0   BANK1   BANK2   BANK3   BANK4   BANK5   BANK6
      Params:         0       2       0       0       0       0       0       0
      Locals:         0       0       0       0       0       0       0       0
      Temps:          0       0       0       0       0       0       0       0
      Totals:         0       2       0       0       0       0       0       0
Total ram usage:        2 bytes
 Hardware stack levels used:    1
 Hardware stack levels required when called:    6
 This function calls:
		Nothing
 This function is called by:
		_TMR0_Initialize
 This function uses a non-reentrant model


 *************** function _PIN_MANAGER_Initialize *****************
 Defined at:
		line 51 in file "mcc_generated_files/pin_manager.c"
 Parameters:    Size  Location     Type
		None
 Auto vars:     Size  Location     Type
  state           1    0[BANK0 ] unsigned char 
 Return value:  Size  Location     Type
                  1    wreg      void 
 Registers used:
		wreg, status,2, status,0
 Tracked objects:
		On entry : 
		On exit  : 
		Unchanged: 
 Data sizes:     COMMON   BANK0   BANK1   BANK2   BANK3   BANK4   BANK5   BANK6
      Params:         0       0       0       0       0       0       0       0
      Locals:         0       1       0       0       0       0       0       0
      Temps:          0       0       0       0       0       0       0       0
      Totals:         0       1       0       0       0       0       0       0
Total ram usage:        1 bytes
 Hardware stack levels used:    1
 Hardware stack levels required when called:    6
 This function calls:
		Nothing
 This function is called by:
		_SYSTEM_Initialize
 This function uses a non-reentrant model


 *************** function _OSCILLATOR_Initialize *****************
 Defined at:
		line 91 in file "mcc_generated_files/mcc.c"
 Parameters:    Size  Location     Type
		None
 Auto vars:     Size  Location     Type
		None
 Return value:  Size  Location     Type
                  1    wreg      void 
 Registers used:
		wreg, status,2
 Tracked objects:
		On entry : 
		On exit  : 
		Unchanged: 
 Data sizes:     COMMON   BANK0   BANK1   BANK2   BANK3   BANK4   BANK5   BANK6
      Params:         0       0       0       0       0       0       0       0
      Locals:         0       0       0       0       0       0       0       0
      Temps:          0       0       0       0       0       0       0       0
      Totals:         0       0       0       0       0       0       0       0
Total ram usage:        0 bytes
 Hardware stack levels used:    1
 Hardware stack levels required when called:    6
 This function calls:
		Nothing
 This function is called by:
		_SYSTEM_Initialize
 This function uses a non-reentrant model


 *************** function _CCP2_Initialize *****************
 Defined at:
		line 59 in file "mcc_generated_files/ccp2.c"
 Parameters:    Size  Location     Type
		None
 Auto vars:     Size  Location     Type
		None
 Return value:  Size  Location     Type
                  1    wreg      void 
 Registers used:
		wreg, status,2, status,0
 Tracked objects:
		On entry : 
		On exit  : 
		Unchanged: 
 Data sizes:     COMMON   BANK0   BANK1   BANK2   BANK3   BANK4   BANK5   BANK6
      Params:         0       0       0       0       0       0       0       0
      Locals:         0       0       0       0       0       0       0       0
      Temps:          0       0       0       0       0       0       0       0
      Totals:         0       0       0       0       0       0       0       0
Total ram usage:        0 bytes
 Hardware stack levels used:    1
 Hardware stack levels required when called:    6
 This function calls:
		Nothing
 This function is called by:
		_SYSTEM_Initialize
 This function uses a non-reentrant model


 *************** function _CCP1_Initialize *****************
 Defined at:
		line 59 in file "mcc_generated_files/ccp1.c"
 Parameters:    Size  Location     Type
		None
 Auto vars:     Size  Location     Type
		None
 Return value:  Size  Location     Type
                  1    wreg      void 
 Registers used:
		wreg, status,2, status,0
 Tracked objects:
		On entry : 
		On exit  : 
		Unchanged: 
 Data sizes:     COMMON   BANK0   BANK1   BANK2   BANK3   BANK4   BANK5   BANK6
      Params:         0       0       0       0       0       0       0       0
      Locals:         0       0       0       0       0       0       0       0
      Temps:          0       0       0       0       0       0       0       0
      Totals:         0       0       0       0       0       0       0       0
Total ram usage:        0 bytes
 Hardware stack levels used:    1
 Hardware stack levels required when called:    6
 This function calls:
		Nothing
 This function is called by:
		_SYSTEM_Initialize
 This function uses a non-reentrant model


 *************** function _ADC_Initialize *****************
 Defined at:
		line 64 in file "mcc_generated_files/adc.c"
 Parameters:    Size  Location     Type
		None
 Auto vars:     Size  Location     Type
		None
 Return value:  Size  Location     Type
                  1    wreg      void 
 Registers used:
		wreg, status,2
 Tracked objects:
		On entry : 
		On exit  : 
		Unchanged: 
 Data sizes:     COMMON   BANK0   BANK1   BANK2   BANK3   BANK4   BANK5   BANK6
      Params:         0       0       0       0       0       0       0       0
      Locals:         0       0       0       0       0       0       0       0
      Temps:          0       0       0       0       0       0       0       0
      Totals:         0       0       0       0       0       0       0       0
Total ram usage:        0 bytes
 Hardware stack levels used:    1
 Hardware stack levels required when called:    6
 This function calls:
		Nothing
 This function is called by:
		_SYSTEM_Initialize
 This function uses a non-reentrant model


 *************** function _ModbusMasterSetup *****************
 Defined at:
		line 43 in file "ModbusManager.c"
 Parameters:    Size  Location     Type
		None
 Auto vars:     Size  Location     Type
		None
 Return value:  Size  Location     Type
                  1    wreg      void 
 Registers used:
		wreg, status,2, status,0, pclath, cstack
 Tracked objects:
		On entry : 
		On exit  : 
		Unchanged: 
 Data sizes:     COMMON   BANK0   BANK1   BANK2   BANK3   BANK4   BANK5   BANK6
      Params:         0       0       0       0       0       0       0       0
      Locals:         0       0       0       0       0       0       0       0
      Temps:          0       0       0       0       0       0       0       0
      Totals:         0       0       0       0       0       0       0       0
Total ram usage:        0 bytes
 Hardware stack levels used:    1
 Hardware stack levels required when called:    7
 This function calls:
		_EUSART_Initialize
		_ModbusMasterInit
		_postTransmission
		_preTransmission
 This function is called by:
		_main
 This function uses a non-reentrant model


 *************** function _preTransmission *****************
 Defined at:
		line 134 in file "ModbusMaster.c"
 Parameters:    Size  Location     Type
  preTransmiss    2    0[BANK0 ] PTR FTN()void 
		 -> preTransmission_App(1), 
 Auto vars:     Size  Location     Type
		None
 Return value:  Size  Location     Type
                  1    wreg      void 
 Registers used:
		wreg
 Tracked objects:
		On entry : 
		On exit  : 
		Unchanged: 
 Data sizes:     COMMON   BANK0   BANK1   BANK2   BANK3   BANK4   BANK5   BANK6
      Params:         0       2       0       0       0       0       0       0
      Locals:         0       0       0       0       0       0       0       0
      Temps:          0       0       0       0       0       0       0       0
      Totals:         0       2       0       0       0       0       0       0
Total ram usage:        2 bytes
 Hardware stack levels used:    1
 Hardware stack levels required when called:    6
 This function calls:
		Nothing
 This function is called by:
		_ModbusMasterSetup
 This function uses a non-reentrant model


 *************** function _postTransmission *****************
 Defined at:
		line 152 in file "ModbusMaster.c"
 Parameters:    Size  Location     Type
  postTransmis    2    0[BANK0 ] PTR FTN()void 
		 -> postTransmission_App(1), 
 Auto vars:     Size  Location     Type
		None
 Return value:  Size  Location     Type
                  1    wreg      void 
 Registers used:
		wreg
 Tracked objects:
		On entry : 
		On exit  : 
		Unchanged: 
 Data sizes:     COMMON   BANK0   BANK1   BANK2   BANK3   BANK4   BANK5   BANK6
      Params:         0       2       0       0       0       0       0       0
      Locals:         0       0       0       0       0       0       0       0
      Temps:          0       0       0       0       0       0       0       0
      Totals:         0       2       0       0       0       0       0       0
Total ram usage:        2 bytes
 Hardware stack levels used:    1
 Hardware stack levels required when called:    6
 This function calls:
		Nothing
 This function is called by:
		_ModbusMasterSetup
 This function uses a non-reentrant model


 *************** function _ModbusMasterInit *****************
 Defined at:
		line 19 in file "ModbusMaster.c"
 Parameters:    Size  Location     Type
  slave           1    wreg     unsigned char 
 Auto vars:     Size  Location     Type
  slave           1    1[BANK0 ] unsigned char 
 Return value:  Size  Location     Type
                  1    wreg      void 
 Registers used:
		wreg, status,2
 Tracked objects:
		On entry : 
		On exit  : 
		Unchanged: 
 Data sizes:     COMMON   BANK0   BANK1   BANK2   BANK3   BANK4   BANK5   BANK6
      Params:         0       0       0       0       0       0       0       0
      Locals:         0       1       0       0       0       0       0       0
      Temps:          0       1       0       0       0       0       0       0
      Totals:         0       2       0       0       0       0       0       0
Total ram usage:        2 bytes
 Hardware stack levels used:    1
 Hardware stack levels required when called:    6
 This function calls:
		Nothing
 This function is called by:
		_ModbusMasterSetup
 This function uses a non-reentrant model


 *************** function _EUSART_Initialize *****************
 Defined at:
		line 55 in file "mcc_generated_files/eusart.c"
 Parameters:    Size  Location     Type
		None
 Auto vars:     Size  Location     Type
		None
 Return value:  Size  Location     Type
                  1    wreg      void 
 Registers used:
		wreg, status,2
 Tracked objects:
		On entry : 
		On exit  : 
		Unchanged: 
 Data sizes:     COMMON   BANK0   BANK1   BANK2   BANK3   BANK4   BANK5   BANK6
      Params:         0       0       0       0       0       0       0       0
      Locals:         0       0       0       0       0       0       0       0
      Temps:          0       0       0       0       0       0       0       0
      Totals:         0       0       0       0       0       0       0       0
Total ram usage:        0 bytes
 Hardware stack levels used:    1
 Hardware stack levels required when called:    6
 This function calls:
		Nothing
 This function is called by:
		_SYSTEM_Initialize
		_ModbusMasterSetup
 This function uses a non-reentrant model


 *************** function _LedONStatusBusy *****************
 Defined at:
		line 12 in file "LED_Ctrl.c"
 Parameters:    Size  Location     Type
		None
 Auto vars:     Size  Location     Type
		None
 Return value:  Size  Location     Type
                  1    wreg      unsigned char 
 Registers used:
		wreg
 Tracked objects:
		On entry : 
		On exit  : 
		Unchanged: 
 Data sizes:     COMMON   BANK0   BANK1   BANK2   BANK3   BANK4   BANK5   BANK6
      Params:         0       0       0       0       0       0       0       0
      Locals:         0       0       0       0       0       0       0       0
      Temps:          0       0       0       0       0       0       0       0
      Totals:         0       0       0       0       0       0       0       0
Total ram usage:        0 bytes
 Hardware stack levels used:    1
 Hardware stack levels required when called:    6
 This function calls:
		Nothing
 This function is called by:
		_main
[...]
Total ram usage:        0 bytes
 Hardware stack levels used:    1
 Hardware stack levels required when called:    4
 This function calls:
		_TMR0_CallBack
 This function is called by:
		_INTERRUPT_InterruptManager
 This function uses a non-reentrant model


 *************** function _TMR0_CallBack *****************
 Defined at:
		line 135 in file "mcc_generated_files/tmr0.c"
 Parameters:    Size  Location     Type
		None
 Auto vars:     Size  Location     Type
		None
 Return value:  Size  Location     Type
                  1    wreg      void 
 Registers used:
		wreg, fsr0l, fsr0h, status,2, status,0, pclath, cstack
 Tracked objects:
		On entry : 
		On exit  : 
		Unchanged: 
 Data sizes:     COMMON   BANK0   BANK1   BANK2   BANK3   BANK4   BANK5   BANK6
      Params:         0       0       0       0       0       0       0       0
      Locals:         0       0       0       0       0       0       0       0
      Temps:          0       0       0       0       0       0       0       0
      Totals:         0       0       0       0       0       0       0       0
Total ram usage:        0 bytes
 Hardware stack levels used:    1
 Hardware stack levels required when called:    3
 This function calls:
		Absolute function
		_TMR0_DefaultInterruptHandler
 This function is called by:
		_TMR0_ISR
 This function uses a non-reentrant model


 *************** function _TMR0_DefaultInterruptHandler *****************
 Defined at:
		line 149 in file "mcc_generated_files/tmr0.c"
 Parameters:    Size  Location     Type
		None
 Auto vars:     Size  Location     Type
		None
 Return value:  Size  Location     Type
                  1    wreg      void 
 Registers used:
		wreg, fsr0l, fsr0h, status,2, status,0, pclath, cstack
 Tracked objects:
		On entry : 
		On exit  : 
		Unchanged: 
 Data sizes:     COMMON   BANK0   BANK1   BANK2   BANK3   BANK4   BANK5   BANK6
      Params:         0       0       0       0       0       0       0       0
      Locals:         0       0       0       0       0       0       0       0
      Temps:          0       0       0       0       0       0       0       0
      Totals:         0       0       0       0       0       0       0       0
Total ram usage:        0 bytes
 Hardware stack levels used:    1
 Hardware stack levels required when called:    2
 This function calls:
		_Timer0_tick10msecFunc
 This function is called by:
		_TMR0_Initialize
		_TMR0_CallBack
 This function uses a non-reentrant model


 *************** function _Timer0_tick10msecFunc *****************
 Defined at:
		line 253 in file "main.c"
 Parameters:    Size  Location     Type
		None
 Auto vars:     Size  Location     Type
		None
 Return value:  Size  Location     Type
                  1    wreg      void 
 Registers used:
		wreg, fsr0l, fsr0h, status,2, status,0, pclath, cstack
 Tracked objects:
		On entry : 
		On exit  : 
		Unchanged: 
 Data sizes:     COMMON   BANK0   BANK1   BANK2   BANK3   BANK4   BANK5   BANK6
      Params:         0       0       0       0       0       0       0       0
      Locals:         0       0       0       0       0       0       0       0
      Temps:          4       0       0       0       0       0       0       0
      Totals:         4       0       0       0       0       0       0       0
Total ram usage:        4 bytes
 Hardware stack levels used:    1
 Hardware stack levels required when called:    1
 This function calls:
		_LedON_Control_10msec
 This function is called by:
		_TMR0_DefaultInterruptHandler
 This function uses a non-reentrant model


 *************** function _LedON_Control_10msec *****************
 Defined at:
		line 54 in file "LED_Ctrl.c"
 Parameters:    Size  Location     Type
		None
 Auto vars:     Size  Location     Type
		None
 Return value:  Size  Location     Type
                  1    wreg      void 
 Registers used:
		wreg, fsr0l, fsr0h, status,2, status,0
 Tracked objects:
		On entry : 
		On exit  : 
		Unchanged: 
 Data sizes:     COMMON   BANK0   BANK1   BANK2   BANK3   BANK4   BANK5   BANK6
      Params:         0       0       0       0       0       0       0       0
      Locals:         0       0       0       0       0       0       0       0
      Temps:          0       0       0       0       0       0       0       0
      Totals:         0       0       0       0       0       0       0       0
Total ram usage:        0 bytes
 Hardware stack levels used:    1
 This function calls:
		Nothing
 This function is called by:
		_Timer0_tick10msecFunc
 This function uses a non-reentrant model


 *************** function _CCP2_CaptureISR *****************
 Defined at:
		line 85 in file "mcc_generated_files/ccp2.c"
 Parameters:    Size  Location     Type
		None
 Auto vars:     Size  Location     Type
  module          2    9[COMMON] struct CCPR2Reg_tag
 Return value:  Size  Location     Type
                  1    wreg      void 
 Registers used:
		wreg, status,2, status,0, pclath, cstack
 Tracked objects:
		On entry : 
		On exit  : 
		Unchanged: 
 Data sizes:     COMMON   BANK0   BANK1   BANK2   BANK3   BANK4   BANK5   BANK6
      Params:         0       0       0       0       0       0       0       0
      Locals:         2       0       0       0       0       0       0       0
      Temps:          1       0       0       0       0       0       0       0
      Totals:         3       0       0       0       0       0       0       0
Total ram usage:        3 bytes
 Hardware stack levels used:    1
 Hardware stack levels required when called:    4
 This function calls:
		_CCP2_CallBack
 This function is called by:
		_INTERRUPT_InterruptManager
 This function uses a non-reentrant model


 *************** function _CCP2_CallBack *****************
 Defined at:
		line 101 in file "mcc_generated_files/ccp2.c"
 Parameters:    Size  Location     Type
  capturedValu    2    6[COMMON] unsigned int 
 Auto vars:     Size  Location     Type
		None
 Return value:  Size  Location     Type
                  1    wreg      void 
 Registers used:
		wreg, status,2, status,0, pclath, cstack
 Tracked objects:
		On entry : 
		On exit  : 
		Unchanged: 
 Data sizes:     COMMON   BANK0   BANK1   BANK2   BANK3   BANK4   BANK5   BANK6
      Params:         2       0       0       0       0       0       0       0
      Locals:         0       0       0       0       0       0       0       0
      Temps:          0       0       0       0       0       0       0       0
      Totals:         2       0       0       0       0       0       0       0
Total ram usage:        2 bytes
 Hardware stack levels used:    1
 Hardware stack levels required when called:    3
 This function calls:
		_EncB_PulseEdgeEvent
 This function is called by:
		_CCP2_CaptureISR
 This function uses a non-reentrant model


 *************** function _EncB_PulseEdgeEvent *****************
 Defined at:
		line 209 in file "main.c"
 Parameters:    Size  Location     Type
  capturedValu    2    4[COMMON] unsigned int 
 Auto vars:     Size  Location     Type
		None
 Return value:  Size  Location     Type
                  1    wreg      void 
 Registers used:
		wreg, status,2, status,0, pclath, cstack
 Tracked objects:
		On entry : 
		On exit  : 
		Unchanged: 
 Data sizes:     COMMON   BANK0   BANK1   BANK2   BANK3   BANK4   BANK5   BANK6
      Params:         2       0       0       0       0       0       0       0
      Locals:         0       0       0       0       0       0       0       0
      Temps:          0       0       0       0       0       0       0       0
      Totals:         2       0       0       0       0       0       0       0
Total ram usage:        2 bytes
 Hardware stack levels used:    1
 Hardware stack levels required when called:    2
 This function calls:
		_getStateOfPulse
 This function is called by:
		_CCP2_CallBack
 This function uses a non-reentrant model


 *************** function _CCP1_CaptureISR *****************
 Defined at:
		line 85 in file "mcc_generated_files/ccp1.c"
 Parameters:    Size  Location     Type
		None
 Auto vars:     Size  Location     Type
  module          2    9[COMMON] struct CCPR1Reg_tag
 Return value:  Size  Location     Type
                  1    wreg      void 
 Registers used:
		wreg, status,2, status,0, pclath, cstack
 Tracked objects:
		On entry : 
		On exit  : 
		Unchanged: 
 Data sizes:     COMMON   BANK0   BANK1   BANK2   BANK3   BANK4   BANK5   BANK6
      Params:         0       0       0       0       0       0       0       0
      Locals:         2       0       0       0       0       0       0       0
      Temps:          1       0       0       0       0       0       0       0
      Totals:         3       0       0       0       0       0       0       0
Total ram usage:        3 bytes
 Hardware stack levels used:    1
 Hardware stack levels required when called:    4
 This function calls:
		_CCP1_CallBack
 This function is called by:
		_INTERRUPT_InterruptManager
 This function uses a non-reentrant model


 *************** function _CCP1_CallBack *****************
 Defined at:
		line 101 in file "mcc_generated_files/ccp1.c"
 Parameters:    Size  Location     Type
  capturedValu    2    6[COMMON] unsigned int 
 Auto vars:     Size  Location     Type
		None
 Return value:  Size  Location     Type
                  1    wreg      void 
 Registers used:
		wreg, status,2, status,0, pclath, cstack
 Tracked objects:
		On entry : 
		On exit  : 
		Unchanged: 
 Data sizes:     COMMON   BANK0   BANK1   BANK2   BANK3   BANK4   BANK5   BANK6
      Params:         2       0       0       0       0       0       0       0
      Locals:         0       0       0       0       0       0       0       0
      Temps:          0       0       0       0       0       0       0       0
      Totals:         2       0       0       0       0       0       0       0
Total ram usage:        2 bytes
 Hardware stack levels used:    1
 Hardware stack levels required when called:    3
 This function calls:
		_EncA_PulseEdgeEvent
 This function is called by:
		_CCP1_CaptureISR
 This function uses a non-reentrant model


 *************** function _EncA_PulseEdgeEvent *****************
 Defined at:
		line 204 in file "main.c"
 Parameters:    Size  Location     Type
  capturedValu    2    4[COMMON] unsigned int 
 Auto vars:     Size  Location     Type
		None
 Return value:  Size  Location     Type
                  1    wreg      void 
 Registers used:
		wreg, status,2, status,0, pclath, cstack
 Tracked objects:
		On entry : 
		On exit  : 
		Unchanged: 
 Data sizes:     COMMON   BANK0   BANK1   BANK2   BANK3   BANK4   BANK5   BANK6
      Params:         2       0       0       0       0       0       0       0
      Locals:         0       0       0       0       0       0       0       0
      Temps:          0       0       0       0       0       0       0       0
      Totals:         2       0       0       0       0       0       0       0
Total ram usage:        2 bytes
 Hardware stack levels used:    1
 Hardware stack levels required when called:    2
 This function calls:
		_getStateOfPulse
 This function is called by:
		_CCP1_CallBack
 This function uses a non-reentrant model


 *************** function _getStateOfPulse *****************
 Defined at:
		line 215 in file "main.c"
 Parameters:    Size  Location     Type
  capturevalue    2    2[COMMON] unsigned int 
 Auto vars:     Size  Location     Type
		None
 Return value:  Size  Location     Type
                  1    wreg      void 
 Registers used:
		wreg, status,2, status,0, pclath, cstack
 Tracked objects:
		On entry : 
		On exit  : 
		Unchanged: 
 Data sizes:     COMMON   BANK0   BANK1   BANK2   BANK3   BANK4   BANK5   BANK6
      Params:         2       0       0       0       0       0       0       0
      Locals:         0       0       0       0       0       0       0       0
      Temps:          0       0       0       0       0       0       0       0
      Totals:         2       0       0       0       0       0       0       0
Total ram usage:        2 bytes
 Hardware stack levels used:    1
 Hardware stack levels required when called:    1
 This function calls:
		i1_TMR3_StartTimer
		i1_TMR3_WriteTimer
		i1_TMR5_StartTimer
		i1_TMR5_WriteTimer
 This function is called by:
		_EncA_PulseEdgeEvent
		_EncB_PulseEdgeEvent
 This function uses a non-reentrant model


 *************** function i1_TMR5_WriteTimer *****************
 Defined at:
		line 110 in file "mcc_generated_files/tmr5.c"
 Parameters:    Size  Location     Type
  timerVal        2    0[COMMON] unsigned int 
 Auto vars:     Size  Location     Type
		None
 Return value:  Size  Location     Type
                  1    wreg      void 
 Registers used:
		wreg, status,2
 Tracked objects:
		On entry : 
		On exit  : 
		Unchanged: 
 Data sizes:     COMMON   BANK0   BANK1   BANK2   BANK3   BANK4   BANK5   BANK6
      Params:         2       0       0       0       0       0       0       0
      Locals:         0       0       0       0       0       0       0       0
      Temps:          0       0       0       0       0       0       0       0
      Totals:         2       0       0       0       0       0       0       0
Total ram usage:        2 bytes
 Hardware stack levels used:    1
 This function calls:
		Nothing
 This function is called by:
		_getStateOfPulse
 This function uses a non-reentrant model


 *************** function i1_TMR5_StartTimer *****************
 Defined at:
		line 89 in file "mcc_generated_files/tmr5.c"
 Parameters:    Size  Location     Type
		None
 Auto vars:     Size  Location     Type
		None
 Return value:  Size  Location     Type
                  1    wreg      void 
 Registers used:
		None
 Tracked objects:
		On entry : 
		On exit  : 
		Unchanged: 
 Data sizes:     COMMON   BANK0   BANK1   BANK2   BANK3   BANK4   BANK5   BANK6
      Params:         0       0       0       0       0       0       0       0
      Locals:         0       0       0       0       0       0       0       0
      Temps:          0       0       0       0       0       0       0       0
      Totals:         0       0       0       0       0       0       0       0
Total ram usage:        0 bytes
 Hardware stack levels used:    1
 This function calls:
		Nothing
 This function is called by:
		_getStateOfPulse
 This function uses a non-reentrant model


 *************** function i1_TMR3_WriteTimer *****************
 Defined at:
		line 110 in file "mcc_generated_files/tmr3.c"
 Parameters:    Size  Location     Type
  timerVal        2    0[COMMON] unsigned int 
 Auto vars:     Size  Location     Type
		None
 Return value:  Size  Location     Type
                  1    wreg      void 
 Registers used:
		wreg, status,2
 Tracked objects:
		On entry : 
		On exit  : 
		Unchanged: 
 Data sizes:     COMMON   BANK0   BANK1   BANK2   BANK3   BANK4   BANK5   BANK6
      Params:         2       0       0       0       0       0       0       0
      Locals:         0       0       0       0       0       0       0       0
      Temps:          0       0       0       0       0       0       0       0
      Totals:         2       0       0       0       0       0       0       0
Total ram usage:        2 bytes
 Hardware stack levels used:    1
 This function calls:
		Nothing
 This function is called by:
		_getStateOfPulse
 This function uses a non-reentrant model


 *************** function i1_TMR3_StartTimer *****************
 Defined at:
		line 89 in file "mcc_generated_files/tmr3.c"
 Parameters:    Size  Location     Type
		None
 Auto vars:     Size  Location     Type
		None
 Return value:  Size  Location     Type
                  1    wreg      void 
 Registers used:
		None
 Tracked objects:
		On entry : 
		On exit  : 
		Unchanged: 
 Data sizes:     COMMON   BANK0   BANK1   BANK2   BANK3   BANK4   BANK5   BANK6
      Params:         0       0       0       0       0       0       0       0
      Locals:         0       0       0       0       0       0       0       0
      Temps:          0       0       0       0       0       0       0       0
      Totals:         0       0       0       0       0       0       0       0
Total ram usage:        0 bytes
 Hardware stack levels used:    1
 This function calls:
		Nothing
 This function is called by:
		_getStateOfPulse
 This function uses a non-reentrant model



MODULE INFORMATION

Module		Function		Class		Link	Load	Size
mcc_generated_files/ccp1.c
		_CCP1_CallBack 		CODE           	03A7	0000	8
		_CCP1_CaptureISR		CODE           	030B	0000	19
		_CCP1_Initialize		CODE           	031D	0000	16

mcc_generated_files/ccp1.c estimated size: 43

/opt/microchip/xc8/v1.41/sources/common/lwdiv.c
		___lwdiv       		CODE           	01BD	0000	54

/opt/microchip/xc8/v1.41/sources/common/lwdiv.c estimated size: 54

ModbusManager.c
		_ModbusMasterSetup		CODE           	0279	0000	26

ModbusManager.c estimated size: 26

LED_Ctrl.c
		_LedONStartConfig		CODE           	00C4	0000	99
		_LedON_Control_10msec		CODE           	0059	0000	108
		_LedONStatusBusy		CODE           	03E4	0000	4

LED_Ctrl.c estimated size: 211

mcc_generated_files/interrupt_manager.c
		_INTERRUPT_InterruptManager		CODE           	0004	0000	43

mcc_generated_files/interrupt_manager.c estimated size: 43

mcc_generated_files/tmr0.c
		_TMR0_SetInterruptHandler		CODE           	03B5	0000	7
		_TMR0_DefaultInterruptHandler		CODE           	03E7	0000	4
		_TMR0_CallBack 		CODE           	037C	0000	12
		_TMR0_StartTimer		CODE           	03E1	0000	4
		_TMR0_ISR      		CODE           	03CC	0000	6
		_TMR0_Initialize		CODE           	02C0	0000	22

mcc_generated_files/tmr0.c estimated size: 55

mcc_generated_files/pin_manager.c
		_PIN_MANAGER_Initialize		CODE           	017E	0000	64

mcc_generated_files/pin_manager.c estimated size: 64

ModbusMaster.c
		_postTransmission		CODE           	03C1	0000	7
		_preTransmission		CODE           	03BB	0000	7
		_ModbusMasterInit		CODE           	034A	0000	15

ModbusMaster.c estimated size: 29

mcc_generated_files/adc.c
		_ADC_Initialize		CODE           	0390	0000	10

mcc_generated_files/adc.c estimated size: 10

mcc_generated_files/ccp2.c
		_CCP2_CallBack 		CODE           	0399	0000	8
		_CCP2_CaptureISR		CODE           	02F9	0000	19
		_CCP2_Initialize		CODE           	0358	0000	14

mcc_generated_files/ccp2.c estimated size: 41

mcc_generated_files/tmr5.c
		_TMR5_Initialize		CODE           	02D5	0000	19
		_TMR5_StopTimer		CODE           	03D5	0000	4
		_TMR5_WriteTimer		CODE           	0292	0000	24
		_TMR5_StartTimer		CODE           	03DB	0000	4

mcc_generated_files/tmr5.c estimated size: 51

shared
		i1_TMR3_WriteTimer		CODE           	033B	0000	16
		i1_TMR3_StartTimer		CODE           	03ED	0000	4
		__initialization		CODE           	0030	0000	38
		i1_TMR5_WriteTimer		CODE           	032C	0000	16
		i1_TMR5_StartTimer		CODE           	03EA	0000	4

shared estimated size: 78

mcc_generated_files/mcc.c
		_WDT_Initialize		CODE           	03D1	0000	5
		_OSCILLATOR_Initialize		CODE           	0387	0000	10
		_SYSTEM_Initialize		CODE           	0223	0000	31

mcc_generated_files/mcc.c estimated size: 46

mcc_generated_files/tmr3.c
		_TMR3_Initialize		CODE           	02E7	0000	19
		_TMR3_StopTimer		CODE           	03D8	0000	4
		_TMR3_WriteTimer		CODE           	02A9	0000	24
		_TMR3_StartTimer		CODE           	03DE	0000	4

mcc_generated_files/tmr3.c estimated size: 51

mcc_generated_files/eusart.c
		_EUSART_Initialize		CODE           	0371	0000	12

mcc_generated_files/eusart.c estimated size: 12

/opt/microchip/xc8/v1.41/sources/common/Umul16.c
		___wmul        		CODE           	0241	0000	29

/opt/microchip/xc8/v1.41/sources/common/Umul16.c estimated size: 29

main.c
		_getStateOfPulse		CODE           	01F2	0000	50
		_Timer0_tick10msecFunc		CODE           	025D	0000	29
		_main          		CODE           	0126	0000	89
		_EncA_PulseEdgeEvent		CODE           	03AE	0000	8
		_EncB_PulseEdgeEvent		CODE           	03A0	0000	8

main.c estimated size: 184

